// Jest Snapshot v1, https://goo.gl/fbAQLP

exports[`<HomeView /> renders HomeView with stories 1`] = `
<div>
  <div
    class="list-item"
  >
    <div
      class="item-title"
    >
      <a
        href="http://web.stanford.edu/class/cs166/handouts/100%20Suggested%20Final%20Project%20Topics.pdf"
        target="_blank"
      >
        Topics in Advanced Data Structures [pdf]
      </a>
    </div>
    <div
      class="item-details"
    >
      <span
        class="item-meta points"
      >
        131
         Points
      </span>
      <span
        class="item-meta user"
      >
        by 
        <a
          href="https://news.ycombinator.com/user?id=htiek"
          target="_blank"
        >
          htiek
        </a>
      </span>
      <span
        class="item-meta time-ago"
      >
        <a
          href="/item/19780387"
        >
          2 hours ago
        </a>
      </span>
      <span
        class="item-meta comments-count"
      >
        <a
          href="/item/19780387"
        >
          16
           Comments
        </a>
      </span>
    </div>
  </div>
</div>
`;
